---
http_interactions:
- request:
    method: get
    uri: https://api.themoviedb.org/3/movie/751702?api_key=MOVIES_SECRET_KEY
    body:
      encoding: US-ASCII
      string: ''
    headers:
      User-Agent:
      - Faraday v1.0.1
      Accept-Encoding:
      - gzip;q=1.0,deflate;q=0.6,identity;q=0.3
      Accept:
      - "*/*"
  response:
    status:
      code: 200
      message: OK
    headers:
      Content-Type:
      - application/json;charset=utf-8
      Transfer-Encoding:
      - chunked
      Connection:
      - keep-alive
      Date:
      - Tue, 13 Oct 2020 23:42:08 GMT
      Server:
      - openresty
      Access-Control-Allow-Origin:
      - "*"
      Access-Control-Allow-Methods:
      - GET, HEAD, POST, PUT, DELETE, OPTIONS
      Access-Control-Expose-Headers:
      - ETag, X-RateLimit-Limit, X-RateLimit-Remaining, X-RateLimit-Reset, Retry-After,
        Content-Length, Content-Range
      Cache-Control:
      - public, max-age=21600
      X-Memc:
      - HIT
      X-Memc-Key:
      - 4c95e196a26f8bbdc9e59fa82b6cd5af
      X-Memc-Age:
      - '3054'
      X-Memc-Expires:
      - '18546'
      Etag:
      - W/"39a0611278d7df9e42adfa1184dd8e6c"
      Last-Modified:
      - Tue, 13 Oct 2020 23:42:08 GMT
      Vary:
      - Accept-Encoding
      X-Cache:
      - Miss from cloudfront
      Via:
      - 1.1 cddde15c11afac53ac9fe7978dcfecd7.cloudfront.net (CloudFront)
      X-Amz-Cf-Pop:
      - DEN50-C2
      X-Amz-Cf-Id:
      - iFnxdlkPKeUihCT2cnaG7LGug5cig0LlMNxQJp6q9j9eiF1HKfK4TA==
    body:
      encoding: ASCII-8BIT
      string: '{"adult":false,"backdrop_path":null,"belongs_to_collection":null,"budget":0,"genres":[{"id":99,"name":"Documentary"}],"homepage":"https://alchemywerks.com/product/alien-contact-the-pascagoula-ufo-encounter/","id":751702,"imdb_id":"tt11672244","original_language":"en","original_title":"Alien
        Contact: The Pascagoula UFO Encounter","overview":"A retrospective on the
        events in this small town","popularity":2.681,"poster_path":null,"production_companies":[{"id":73041,"logo_path":null,"name":"Reality
        Films","origin_country":""}],"production_countries":[],"release_date":"2020-03-17","revenue":0,"runtime":75,"spoken_languages":[{"iso_639_1":"en","name":"English"}],"status":"Released","tagline":"","title":"Alien
        Contact: The Pascagoula UFO Encounter","video":false,"vote_average":10.0,"vote_count":1}'
  recorded_at: Tue, 13 Oct 2020 23:42:09 GMT
- request:
    method: get
    uri: https://api.themoviedb.org/3/movie/751702/credits?api_key=MOVIES_SECRET_KEY
    body:
      encoding: US-ASCII
      string: ''
    headers:
      User-Agent:
      - Faraday v1.0.1
      Accept-Encoding:
      - gzip;q=1.0,deflate;q=0.6,identity;q=0.3
      Accept:
      - "*/*"
  response:
    status:
      code: 200
      message: OK
    headers:
      Content-Type:
      - application/json;charset=utf-8
      Transfer-Encoding:
      - chunked
      Connection:
      - keep-alive
      Date:
      - Tue, 13 Oct 2020 23:42:09 GMT
      Server:
      - openresty
      Access-Control-Allow-Origin:
      - "*"
      Access-Control-Allow-Methods:
      - GET, HEAD, POST, PUT, DELETE, OPTIONS
      Access-Control-Expose-Headers:
      - ETag, X-RateLimit-Limit, X-RateLimit-Remaining, X-RateLimit-Reset, Retry-After,
        Content-Length, Content-Range
      Cache-Control:
      - public, max-age=21600
      X-Memc:
      - MISS, STORE
      X-Memc-Key:
      - c8fb99fc81149a6613ed221f9a8ea274
      X-Memc-Age:
      - '0'
      X-Memc-Expires:
      - '21600'
      Last-Modified:
      - '2020-10-09 22:11:19 +0000'
      Vary:
      - Accept-Encoding
      X-Cache:
      - Miss from cloudfront
      Via:
      - 1.1 a44b9db7a2d103360945ab52619e5016.cloudfront.net (CloudFront)
      X-Amz-Cf-Pop:
      - DEN50-C2
      X-Amz-Cf-Id:
      - xDppi9I3kA6-3pjtYmcVkA5ccRHA9BA7KBwZ6jMe9UGubctVtHCb5w==
    body:
      encoding: ASCII-8BIT
      string: '{"id":751702,"cast":[{"cast_id":2,"character":"Himself","credit_id":"5f80da3b17505100389322df","gender":0,"id":2025483,"name":"Calvin
        Parker, Jr.","order":1,"profile_path":null},{"cast_id":5,"character":"Himself
        (Narrator)","credit_id":"5f80df01021cee003747fc6c","gender":0,"id":1764330,"name":"J.
        Michael Long","order":2,"profile_path":null}],"crew":[{"credit_id":"5f80dd87175051003791933b","department":"Production","gender":0,"id":1039129,"job":"Executive
        Producer","name":"Warren Croyle","profile_path":null},{"credit_id":"5f80d9f01750510036943910","department":"Directing","gender":0,"id":1764330,"job":"Director","name":"J.
        Michael Long","profile_path":null},{"credit_id":"5f80de9102842000360afcf3","department":"Production","gender":0,"id":1764330,"job":"Producer","name":"J.
        Michael Long","profile_path":null}]}'
  recorded_at: Tue, 13 Oct 2020 23:42:09 GMT
- request:
    method: get
    uri: https://api.themoviedb.org/3/movie/751702/reviews?api_key=MOVIES_SECRET_KEY&language=en-US
    body:
      encoding: US-ASCII
      string: ''
    headers:
      User-Agent:
      - Faraday v1.0.1
      Accept-Encoding:
      - gzip;q=1.0,deflate;q=0.6,identity;q=0.3
      Accept:
      - "*/*"
  response:
    status:
      code: 200
      message: OK
    headers:
      Content-Type:
      - application/json;charset=utf-8
      Content-Length:
      - '69'
      Connection:
      - keep-alive
      Date:
      - Tue, 13 Oct 2020 23:42:09 GMT
      Server:
      - openresty
      Access-Control-Allow-Origin:
      - "*"
      Access-Control-Allow-Methods:
      - GET, HEAD, POST, PUT, DELETE, OPTIONS
      Access-Control-Expose-Headers:
      - ETag, X-RateLimit-Limit, X-RateLimit-Remaining, X-RateLimit-Reset, Retry-After,
        Content-Length, Content-Range
      Cache-Control:
      - public, max-age=21600
      X-Memc:
      - MISS, STORE
      X-Memc-Key:
      - 102a586f0639ceb7b99bbe3154a068f7
      X-Memc-Age:
      - '0'
      X-Memc-Expires:
      - '21600'
      Last-Modified:
      - '2020-10-09 22:11:19 +0000'
      X-Cache:
      - Miss from cloudfront
      Via:
      - 1.1 e158a5cd644f102abc630a9f56b59d78.cloudfront.net (CloudFront)
      X-Amz-Cf-Pop:
      - DEN50-C2
      X-Amz-Cf-Id:
      - lIQJlyjujVpoZsSRvu59GvNZLI7fGKA4leBagcUv8crCO2yQASbhBQ==
    body:
      encoding: UTF-8
      string: '{"id":751702,"page":1,"results":[],"total_pages":0,"total_results":0}'
  recorded_at: Tue, 13 Oct 2020 23:42:09 GMT
- request:
    method: get
    uri: https://api.themoviedb.org/3/movie/751702?api_key=MOVIES_SECRET_KEY
    body:
      encoding: US-ASCII
      string: ''
    headers:
      User-Agent:
      - Faraday v1.0.1
      Accept-Encoding:
      - gzip;q=1.0,deflate;q=0.6,identity;q=0.3
      Accept:
      - "*/*"
  response:
    status:
      code: 200
      message: OK
    headers:
      Content-Type:
      - application/json;charset=utf-8
      Transfer-Encoding:
      - chunked
      Connection:
      - keep-alive
      Date:
      - Tue, 13 Oct 2020 23:42:08 GMT
      Server:
      - openresty
      Access-Control-Allow-Origin:
      - "*"
      Access-Control-Allow-Methods:
      - GET, HEAD, POST, PUT, DELETE, OPTIONS
      Access-Control-Expose-Headers:
      - ETag, X-RateLimit-Limit, X-RateLimit-Remaining, X-RateLimit-Reset, Retry-After,
        Content-Length, Content-Range
      Cache-Control:
      - public, max-age=21600
      X-Memc:
      - HIT
      X-Memc-Key:
      - 4c95e196a26f8bbdc9e59fa82b6cd5af
      X-Memc-Age:
      - '3054'
      X-Memc-Expires:
      - '18546'
      Etag:
      - W/"39a0611278d7df9e42adfa1184dd8e6c"
      Last-Modified:
      - Tue, 13 Oct 2020 23:42:08 GMT
      Vary:
      - Accept-Encoding
      X-Cache:
      - Hit from cloudfront
      Via:
      - 1.1 c55bfc9d9a95cdee8e23989feddaa4b3.cloudfront.net (CloudFront)
      X-Amz-Cf-Pop:
      - DEN50-C2
      X-Amz-Cf-Id:
      - m0x2xFxUm01IHVexlhDAzovoAVUbTfW_qe-IiREZJq_nnFBezJfXFw==
    body:
      encoding: ASCII-8BIT
      string: '{"adult":false,"backdrop_path":null,"belongs_to_collection":null,"budget":0,"genres":[{"id":99,"name":"Documentary"}],"homepage":"https://alchemywerks.com/product/alien-contact-the-pascagoula-ufo-encounter/","id":751702,"imdb_id":"tt11672244","original_language":"en","original_title":"Alien
        Contact: The Pascagoula UFO Encounter","overview":"A retrospective on the
        events in this small town","popularity":2.681,"poster_path":null,"production_companies":[{"id":73041,"logo_path":null,"name":"Reality
        Films","origin_country":""}],"production_countries":[],"release_date":"2020-03-17","revenue":0,"runtime":75,"spoken_languages":[{"iso_639_1":"en","name":"English"}],"status":"Released","tagline":"","title":"Alien
        Contact: The Pascagoula UFO Encounter","video":false,"vote_average":10.0,"vote_count":1}'
  recorded_at: Tue, 13 Oct 2020 23:42:09 GMT
recorded_with: VCR 6.0.0
